// Jest Snapshot v1, https://goo.gl/fbAQLP

exports[`Modal component matches snapshot DOM node structure 1`] = `
<DocumentFragment>
  <div
    class="modalBackdrop"
  >
    <div
      class="modalContainer"
    >
      <h3
        class="modalTitle"
      >
        Social Network Api 
      </h3>
      <img
        alt="current category"
        src="1.jpg"
      />
      <p>
        <a
          href="https://github.com/Tasevski87/Social-Network-API"
        >
           NoSQL Social Network API
        </a>
      </p>
      <button
        type="button"
      >
        Close
      </button>
    </div>
  </div>
</DocumentFragment>
`;
