// Jest Snapshot v1, https://goo.gl/fbAQLP

exports[`Nav component matches snapshot DOM node structure 1`] = `
<DocumentFragment>
  <header
    class="flex-row px-1"
    data-testid="header"
  >
    <h2>
      <a
        href="/"
      >
        Tasevski87
      </a>
    </h2>
    <nav>
      <ul
        class="flex-row"
      >
        <li
          class="mx-2"
        >
          <a
            data-testid="about"
            href="#about"
          >
            About me
          </a>
        </li>
        <li
          class="mx-2 navActive"
        >
          <span>
            Contact
          </span>
        </li>
        <li
          class="mx-2"
        >
          <a
            href="#projects"
          >
            Projects
          </a>
        </li>
        <li
          class="mx-2"
        >
          <a
            href="#resume"
          >
            Resume
          </a>
        </li>
      </ul>
    </nav>
  </header>
</DocumentFragment>
`;
